id,content
1,買い物
2,掃除
3,洗濯
4,"カンマを含む,項目"
5,晩ごはんの準備
